/admin
/api/v1
/config
/backup.sql